EmbeddedGUI Test Runner

===== Suite: region =====
  [PASS] test_region_init
  [PASS] test_region_init_empty
  [PASS] test_region_is_empty
  [PASS] test_region_pt_in_rect
  [PASS] test_region_equal
  [PASS] test_region_copy
  [PASS] test_region_intersect_overlap
  [PASS] test_region_intersect_disjoint
  [PASS] test_region_intersect_contain
  [PASS] test_region_intersect_empty
  [PASS] test_region_is_intersect
  [PASS] test_region_union_basic
  [PASS] test_region_union_disjoint
  [PASS] test_region_is_same
  [PASS] test_region_subtract_rect_center_punch
  [PASS] test_region_subtract_rect_no_overlap_keeps_dirty
----- Suite: region  [16/16 passed] -----

===== Suite: dlist =====
  [PASS] test_dlist_init_empty
  [PASS] test_dlist_append_single
  [PASS] test_dlist_append_multiple
  [PASS] test_dlist_prepend
  [PASS] test_dlist_remove
  [PASS] test_dlist_get
  [PASS] test_dlist_iteration
  [PASS] test_dlist_has_multiple_nodes
----- Suite: dlist  [8/8 passed] -----

===== Suite: slist =====
  [PASS] test_slist_init_empty
  [PASS] test_slist_append_single
  [PASS] test_slist_append_multiple
  [PASS] test_slist_prepend
  [PASS] test_slist_get
  [PASS] test_slist_find_and_remove
  [PASS] test_slist_iteration
----- Suite: slist  [7/7 passed] -----

===== Suite: ringbuffer =====
  [PASS] test_rb_init
  [PASS] test_rb_put_get_basic
  [PASS] test_rb_full
  [PASS] test_rb_reset
  [PASS] test_rb_wrap_around
----- Suite: ringbuffer  [5/5 passed] -----

===== Suite: fixmath =====
  [PASS] test_fx_itox
  [PASS] test_fx_ftox
  [PASS] test_fx_smul
  [PASS] test_fx_divx
  [PASS] test_float_value_int
  [PASS] test_float_mult
  [PASS] test_float_div
----- Suite: fixmath  [7/7 passed] -----

===== Suite: app_timer_helpers =====
  [PASS] test_page_base_timer_helpers_use_init_core
  [PASS] test_activity_timer_helpers_use_init_core
  [PASS] test_dialog_timer_helpers_use_init_core
  [PASS] test_app_timer_helpers_require_initialized_core
----- Suite: app_timer_helpers  [4/4 passed] -----

===== Suite: font_std =====
  [PASS] test_font_std_compressed_draw_matches_raw
  [PASS] test_font_std_odd_width_compressed_draw_matches_raw
  [PASS] test_font_std_compressed_size_matches_raw
  [PASS] test_font_std_offscreen_compressed_glyph_skips_decode
  [PASS] test_font_std_repeated_compressed_draw_in_rect_matches_raw
  [PASS] test_font_std_fast_4_draws_fallback_box_for_unsupported_char
----- Suite: font_std  [6/6 passed] -----

===== Suite: focus_key_navigation =====
  [PASS] test_focus_direction_selects_spatial_neighbor
  [PASS] test_focus_direction_prefers_beam_candidate
  [PASS] test_focus_direction_enters_first_focusable_when_empty
  [PASS] test_focus_direction_skips_unavailable_candidates
  [PASS] test_focus_rejects_direct_unavailable_targets
  [PASS] test_focus_clears_when_focused_view_becomes_unavailable
  [PASS] test_focus_clears_when_focused_descendant_parent_becomes_unavailable
  [PASS] test_escape_exits_focus_mode
  [PASS] test_enter_invokes_click_without_touch_path
  [PASS] test_space_invokes_click_with_pressed_lifecycle
  [PASS] test_progress_bar_key_press_repeat_and_long_press
  [PASS] test_pressed_state_clears_on_focus_loss
  [PASS] test_core_widget_key_handlers
  [PASS] test_combobox_closed_direction_moves_focus
  [PASS] test_list_key_navigation_scrolls_without_leaving_focus
  [PASS] test_keyboard_keys_support_focus_navigation_and_hide
----- Suite: focus_key_navigation  [16/16 passed] -----

===== Suite: image_file =====
  [PASS] test_image_file_resize_get_size_uses_intrinsic_dimensions
  [PASS] test_image_file_resize_get_point_maps_to_source
  [PASS] test_image_file_get_point_resize_uses_call_dimensions
  [PASS] test_image_file_draw_adjacent_tiles_reuses_stream_band_rows
  [PASS] test_image_file_draw_resize_adjacent_tiles_reuses_stream_band_rows
----- Suite: image_file  [5/5 passed] -----

===== Suite: deferred_image =====
  [PASS] test_deferred_image_attach_starts_delay_timer
  [PASS] test_deferred_image_delay_callback_starts_loader_and_polling
  [PASS] test_deferred_image_success_reaches_ready_and_uses_loaded_image
  [PASS] test_deferred_image_fail_reaches_failed_and_keeps_placeholder
  [PASS] test_deferred_image_detach_cancels_loading_request
  [PASS] test_deferred_image_detach_cancels_pending_delay
----- Suite: deferred_image  [6/6 passed] -----

===== Suite: mask =====
  [PASS] test_image_mask_null_point_passthrough
  [PASS] test_image_mask_null_row_queries_passthrough
  [PASS] test_image_mask_row_block_matches_row_segment
  [PASS] test_round_rectangle_init_resets_radius
  [PASS] test_round_rectangle_radius_is_clamped
  [PASS] test_round_rectangle_row_range_outside_when_no_overlap
  [PASS] test_circle_corner_fixed_row_matches_general_lookup
  [PASS] test_circle_mask_visible_range_center_row_without_row_range_cache
  [PASS] test_circle_mask_row_metrics_match_corner_alpha_scan
  [PASS] test_circle_mask_row_queries_match_point_sampling
----- Suite: mask  [10/10 passed] -----

===== Suite: common =====
  [PASS] test_align_center
  [PASS] test_align_left_top
  [PASS] test_align_right_bottom
  [PASS] test_align_hcenter_top
  [PASS] test_alpha_mix_full
  [PASS] test_alpha_mix_zero
  [PASS] test_alpha_mix_partial
  [PASS] test_alpha_make
  [PASS] test_max_min_abs
----- Suite: common  [9/9 passed] -----

===== Suite: view =====
  [PASS] test_view_init_defaults
  [PASS] test_view_set_position
  [PASS] test_view_set_size
  [PASS] test_view_visibility
  [PASS] test_view_gone
  [PASS] test_view_enable
  [PASS] test_view_clickable
  [PASS] test_view_alpha
  [PASS] test_view_padding
  [PASS] test_view_margin
  [PASS] test_view_set_pressed_same_state_skips_dirty
  [PASS] test_view_set_pressed_with_region_respects_background_pressed_state
  [PASS] test_core_add_user_root_view_accepts_matching_core_view
  [PASS] test_core_add_root_view_accepts_matching_core_view
  [PASS] test_core_add_user_root_view_moves_existing_parent_to_target_root
  [PASS] test_core_add_root_view_moves_existing_parent_to_target_root
  [PASS] test_view_add_to_root_uses_bound_core_when_active_is_null
  [PASS] test_view_get_core_requires_self_bound_core
  [PASS] test_view_remove_from_user_root_uses_bound_core_when_active_is_null
  [PASS] test_view_get_canvas_uses_bound_core_when_active_is_null
  [PASS] test_view_dirty_epoch_uses_bound_core_when_active_is_null
  [PASS] test_view_update_region_dirty_uses_bound_core_when_active_is_null
  [PASS] test_view_has_pending_dirty_uses_bound_core_when_active_is_null
  [PASS] test_view_has_pending_dirty_requires_self_bound_core
  [PASS] test_view_invalidate_sub_region_uses_bound_core_when_active_is_null
  [PASS] test_view_invalidate_sub_region_requires_self_bound_core
  [PASS] test_view_set_theme_uses_bound_core_when_active_is_null
  [PASS] test_view_layout_user_root_uses_bound_core_when_active_is_null
  [PASS] test_view_timer_helpers_use_bound_core_when_active_is_null
  [PASS] test_view_pfb_scan_helpers_use_bound_core_when_active_is_null
